
**** Build of configuration Debug for project Project 10 ****

"D:\\ccs\\utils\\bin\\gmake" -k -j 16 all -O 
 
Building file: "../Display.c"
Invoking: MSP430 Compiler
"D:/ccs/tools/compiler/ti-cgt-msp430_21.6.1.LTS/bin/cl430" -vmspx --use_hw_mpy=F5 --include_path="D:/ccs/ccs_base/msp430/include" --include_path="D:/ccs/Project 10/Project 10" --include_path="D:/ccs/tools/compiler/ti-cgt-msp430_21.6.1.LTS/include" --advice:power=all --advice:hw_config=all --define=__MSP430FR2355__ --define=_FRWP_ENABLE --define=_INFO_FRWP_ENABLE -g --printf_support=minimal --diag_warning=225 --diag_wrap=off --display_error_number --silicon_errata=CPU21 --silicon_errata=CPU22 --silicon_errata=CPU40 --preproc_with_compile --preproc_dependency="Display.d_raw"  "../Display.c"
Finished building: "../Display.c"
 
Building file: "../adc.c"
Invoking: MSP430 Compiler
"D:/ccs/tools/compiler/ti-cgt-msp430_21.6.1.LTS/bin/cl430" -vmspx --use_hw_mpy=F5 --include_path="D:/ccs/ccs_base/msp430/include" --include_path="D:/ccs/Project 10/Project 10" --include_path="D:/ccs/tools/compiler/ti-cgt-msp430_21.6.1.LTS/include" --advice:power=all --advice:hw_config=all --define=__MSP430FR2355__ --define=_FRWP_ENABLE --define=_INFO_FRWP_ENABLE -g --printf_support=minimal --diag_warning=225 --diag_wrap=off --display_error_number --silicon_errata=CPU21 --silicon_errata=CPU22 --silicon_errata=CPU40 --preproc_with_compile --preproc_dependency="adc.d_raw"  "../adc.c"
Finished building: "../adc.c"
 
Building file: "../init.c"
Invoking: MSP430 Compiler
"D:/ccs/tools/compiler/ti-cgt-msp430_21.6.1.LTS/bin/cl430" -vmspx --use_hw_mpy=F5 --include_path="D:/ccs/ccs_base/msp430/include" --include_path="D:/ccs/Project 10/Project 10" --include_path="D:/ccs/tools/compiler/ti-cgt-msp430_21.6.1.LTS/include" --advice:power=all --advice:hw_config=all --define=__MSP430FR2355__ --define=_FRWP_ENABLE --define=_INFO_FRWP_ENABLE -g --printf_support=minimal --diag_warning=225 --diag_wrap=off --display_error_number --silicon_errata=CPU21 --silicon_errata=CPU22 --silicon_errata=CPU40 --preproc_with_compile --preproc_dependency="init.d_raw"  "../init.c"
 
>> Compilation failure
subdir_rules.mk:9: recipe for target 'init.obj' failed
"../init.c", line 29: remark #1544-D: (ULP 13.1) Detected loop counting up. Recommend loops count down as detecting zeros is easier
"../init.c", line 30: remark #2553-D: (ULP 14.1) Array index (involving "i") of type "int". Recommend using "unsigned int"
"../init.c", line 31: remark #2553-D: (ULP 14.1) Array index (involving "i") of type "int". Recommend using "unsigned int"
"../init.c", line 32: remark #2553-D: (ULP 14.1) Array index (involving "i") of type "int". Recommend using "unsigned int"
"../init.c", line 33: remark #2553-D: (ULP 14.1) Array index (involving "i") of type "int". Recommend using "unsigned int"
"../init.c", line 62: error #20: identifier "RED_LED" is undefined
"../init.c", line 63: error #20: identifier "GRN_LED" is undefined
2 errors detected in the compilation of "../init.c".
gmake: *** [init.obj] Error 1
Building file: "../led.c"
Invoking: MSP430 Compiler
"D:/ccs/tools/compiler/ti-cgt-msp430_21.6.1.LTS/bin/cl430" -vmspx --use_hw_mpy=F5 --include_path="D:/ccs/ccs_base/msp430/include" --include_path="D:/ccs/Project 10/Project 10" --include_path="D:/ccs/tools/compiler/ti-cgt-msp430_21.6.1.LTS/include" --advice:power=all --advice:hw_config=all --define=__MSP430FR2355__ --define=_FRWP_ENABLE --define=_INFO_FRWP_ENABLE -g --printf_support=minimal --diag_warning=225 --diag_wrap=off --display_error_number --silicon_errata=CPU21 --silicon_errata=CPU22 --silicon_errata=CPU40 --preproc_with_compile --preproc_dependency="led.d_raw"  "../led.c"
 
>> Compilation failure
subdir_rules.mk:9: recipe for target 'led.obj' failed
"../led.c", line 33: warning #225-D: function "Init_LEDs" declared implicitly
"../led.c", line 46: error #20: identifier "GRN_LED" is undefined
"../led.c", line 52: error #20: identifier "RED_LED" is undefined
"../led.c", line 53: error #20: identifier "GRN_LED" is undefined
"../led.c", line 63: error #20: identifier "GRN_LED" is undefined
4 errors detected in the compilation of "../led.c".
gmake: *** [led.obj] Error 1
Building file: "../black_line.c"
Invoking: MSP430 Compiler
"D:/ccs/tools/compiler/ti-cgt-msp430_21.6.1.LTS/bin/cl430" -vmspx --use_hw_mpy=F5 --include_path="D:/ccs/ccs_base/msp430/include" --include_path="D:/ccs/Project 10/Project 10" --include_path="D:/ccs/tools/compiler/ti-cgt-msp430_21.6.1.LTS/include" --advice:power=all --advice:hw_config=all --define=__MSP430FR2355__ --define=_FRWP_ENABLE --define=_INFO_FRWP_ENABLE -g --printf_support=minimal --diag_warning=225 --diag_wrap=off --display_error_number --silicon_errata=CPU21 --silicon_errata=CPU22 --silicon_errata=CPU40 --preproc_with_compile --preproc_dependency="black_line.d_raw"  "../black_line.c"
"../black_line.c", line 23: remark #1530-D: (ULP 5.1) Detected divide operation(s). Recommend moving them to RAM during run time or not using as these are processing/power intensive
"../black_line.c", line 24: remark #1530-D: (ULP 5.1) Detected divide operation(s). Recommend moving them to RAM during run time or not using as these are processing/power intensive
"../black_line.c", line 25: remark #1530-D: (ULP 5.1) Detected divide operation(s). Recommend moving them to RAM during run time or not using as these are processing/power intensive
"../black_line.c", line 26: remark #1530-D: (ULP 5.1) Detected modulo operation(s). Recommend moving them to RAM during run time or not using as these are processing/power intensive
"../black_line.c", line 30: remark #2553-D: (ULP 14.1) Array index (involving "line") of type "int". Recommend using "unsigned int"
"../black_line.c", line 31: remark #2553-D: (ULP 14.1) Array index (involving "pos") of type "int". Recommend using "unsigned int"
"../black_line.c", line 32: remark #2553-D: (ULP 14.1) Array index (involving "pos") of type "int". Recommend using "unsigned int"
"../black_line.c", line 33: remark #2553-D: (ULP 14.1) Array index (involving "pos") of type "int". Recommend using "unsigned int"
"../black_line.c", line 34: remark #2553-D: (ULP 14.1) Array index (involving "pos") of type "int". Recommend using "unsigned int"
"../black_line.c", line 43: warning #225-D: function "stopall" declared implicitly
"../black_line.c", line 44: warning #225-D: function "moveforward" declared implicitly
"../black_line.c", line 48: warning #225-D: function "moveforward" declared implicitly
"../black_line.c", line 66: warning #225-D: function "stopall" declared implicitly
"../black_line.c", line 79: warning #225-D: function "spin_clockwise" declared implicitly
"../black_line.c", line 112: warning #225-D: function "stopall" declared implicitly
Finished building: "../black_line.c"
 
Building file: "../comm_system.c"
Invoking: MSP430 Compiler
"D:/ccs/tools/compiler/ti-cgt-msp430_21.6.1.LTS/bin/cl430" -vmspx --use_hw_mpy=F5 --include_path="D:/ccs/ccs_base/msp430/include" --include_path="D:/ccs/Project 10/Project 10" --include_path="D:/ccs/tools/compiler/ti-cgt-msp430_21.6.1.LTS/include" --advice:power=all --advice:hw_config=all --define=__MSP430FR2355__ --define=_FRWP_ENABLE --define=_INFO_FRWP_ENABLE -g --printf_support=minimal --diag_warning=225 --diag_wrap=off --display_error_number --silicon_errata=CPU21 --silicon_errata=CPU22 --silicon_errata=CPU40 --preproc_with_compile --preproc_dependency="comm_system.d_raw"  "../comm_system.c"
Finished building: "../comm_system.c"
 
Building file: "../clocks.c"
Invoking: MSP430 Compiler
"D:/ccs/tools/compiler/ti-cgt-msp430_21.6.1.LTS/bin/cl430" -vmspx --use_hw_mpy=F5 --include_path="D:/ccs/ccs_base/msp430/include" --include_path="D:/ccs/Project 10/Project 10" --include_path="D:/ccs/tools/compiler/ti-cgt-msp430_21.6.1.LTS/include" --advice:power=all --advice:hw_config=all --define=__MSP430FR2355__ --define=_FRWP_ENABLE --define=_INFO_FRWP_ENABLE -g --printf_support=minimal --diag_warning=225 --diag_wrap=off --display_error_number --silicon_errata=CPU21 --silicon_errata=CPU22 --silicon_errata=CPU40 --preproc_with_compile --preproc_dependency="clocks.d_raw"  "../clocks.c"
"../clocks.c", line 89: remark #1527-D: (ULP 2.1) Detected SW delay loop using __delay_cycles. Recommend using a timer module instead
"../clocks.c", line 90: remark #1527-D: (ULP 2.1) Detected SW delay loop using empty loop. Recommend using a timer module instead
"../clocks.c", line 123: remark #1527-D: (ULP 2.1) Detected SW delay loop using empty loop. Recommend using a timer module instead
Finished building: "../clocks.c"
 
Building file: "../main.c"
Invoking: MSP430 Compiler
"D:/ccs/tools/compiler/ti-cgt-msp430_21.6.1.LTS/bin/cl430" -vmspx --use_hw_mpy=F5 --include_path="D:/ccs/ccs_base/msp430/include" --include_path="D:/ccs/Project 10/Project 10" --include_path="D:/ccs/tools/compiler/ti-cgt-msp430_21.6.1.LTS/include" --advice:power=all --advice:hw_config=all --define=__MSP430FR2355__ --define=_FRWP_ENABLE --define=_INFO_FRWP_ENABLE -g --printf_support=minimal --diag_warning=225 --diag_wrap=off --display_error_number --silicon_errata=CPU21 --silicon_errata=CPU22 --silicon_errata=CPU40 --preproc_with_compile --preproc_dependency="main.d_raw"  "../main.c"
 
>> Compilation failure
subdir_rules.mk:9: recipe for target 'main.obj' failed
"../main.c", line 15: error #148: declaration is incompatible with "volatile unsigned char run_project7" (declared at line 7 of "..\functions.h")
"../main.c", line 84: error #20: identifier "GRN_LED" is undefined
"../main.c", line 85: error #20: identifier "TEST_PROBE" is undefined
3 errors detected in the compilation of "../main.c".
gmake: *** [main.obj] Error 1
Building file: "../movemenet.c"
Invoking: MSP430 Compiler
"D:/ccs/tools/compiler/ti-cgt-msp430_21.6.1.LTS/bin/cl430" -vmspx --use_hw_mpy=F5 --include_path="D:/ccs/ccs_base/msp430/include" --include_path="D:/ccs/Project 10/Project 10" --include_path="D:/ccs/tools/compiler/ti-cgt-msp430_21.6.1.LTS/include" --advice:power=all --advice:hw_config=all --define=__MSP430FR2355__ --define=_FRWP_ENABLE --define=_INFO_FRWP_ENABLE -g --printf_support=minimal --diag_warning=225 --diag_wrap=off --display_error_number --silicon_errata=CPU21 --silicon_errata=CPU22 --silicon_errata=CPU40 --preproc_with_compile --preproc_dependency="movemenet.d_raw"  "../movemenet.c"
 
>> Compilation failure
subdir_rules.mk:9: recipe for target 'movemenet.obj' failed
"../movemenet.c", line 23: error #20: identifier "L_FORWARD" is undefined
"../movemenet.c", line 23: error #20: identifier "R_FORWARD" is undefined
"../movemenet.c", line 23: error #20: identifier "L_REVERSE" is undefined
"../movemenet.c", line 23: error #20: identifier "R_REVERSE" is undefined
"../movemenet.c", line 23: error #20: identifier "LCD_BACKLITE" is undefined
"../movemenet.c", line 110: warning #225-D: function "movement_display_big" declared implicitly
"../movemenet.c", line 121: warning #225-D: function "atoi" declared implicitly
"../movemenet.c", line 129: warning #161-D: declaration is incompatible with previous "movement_display_big" (declared at line 110)
"../movemenet.c", line 133: warning #225-D: function "snprintf" declared implicitly
"../movemenet.c", line 134: warning #225-D: function "strcpy" declared implicitly
"../movemenet.c", line 133: remark #1532-D: (ULP 5.3) Detected snprintf() operation(s). Recommend moving them to RAM during run time or not using as these are processing/power intensive
"../movemenet.c", line 136: remark #1532-D: (ULP 5.3) Detected snprintf() operation(s). Recommend moving them to RAM during run time or not using as these are processing/power intensive
5 errors detected in the compilation of "../movemenet.c".
gmake: *** [movemenet.obj] Error 1
Building file: "../switches.c"
Invoking: MSP430 Compiler
"D:/ccs/tools/compiler/ti-cgt-msp430_21.6.1.LTS/bin/cl430" -vmspx --use_hw_mpy=F5 --include_path="D:/ccs/ccs_base/msp430/include" --include_path="D:/ccs/Project 10/Project 10" --include_path="D:/ccs/tools/compiler/ti-cgt-msp430_21.6.1.LTS/include" --advice:power=all --advice:hw_config=all --define=__MSP430FR2355__ --define=_FRWP_ENABLE --define=_INFO_FRWP_ENABLE -g --printf_support=minimal --diag_warning=225 --diag_wrap=off --display_error_number --silicon_errata=CPU21 --silicon_errata=CPU22 --silicon_errata=CPU40 --preproc_with_compile --preproc_dependency="switches.d_raw"  "../switches.c"
 
>> Compilation failure
subdir_rules.mk:9: recipe for target 'switches.obj' failed
"../switches.c", line 16: error #20: identifier "SW1" is undefined
"../switches.c", line 25: error #20: identifier "SW2" is undefined
"../switches.c", line 17: remark #1527-D: (ULP 2.1) Detected SW delay loop using __delay_cycles. Recommend using a timer module instead
"../switches.c", line 20: remark #1527-D: (ULP 2.1) Detected SW delay loop using empty loop. Recommend using a timer module instead
"../switches.c", line 26: remark #1527-D: (ULP 2.1) Detected SW delay loop using __delay_cycles. Recommend using a timer module instead
"../switches.c", line 29: remark #1527-D: (ULP 2.1) Detected SW delay loop using empty loop. Recommend using a timer module instead
2 errors detected in the compilation of "../switches.c".
gmake: *** [switches.obj] Error 1
Building file: "../project10.c"
Invoking: MSP430 Compiler
"D:/ccs/tools/compiler/ti-cgt-msp430_21.6.1.LTS/bin/cl430" -vmspx --use_hw_mpy=F5 --include_path="D:/ccs/ccs_base/msp430/include" --include_path="D:/ccs/Project 10/Project 10" --include_path="D:/ccs/tools/compiler/ti-cgt-msp430_21.6.1.LTS/include" --advice:power=all --advice:hw_config=all --define=__MSP430FR2355__ --define=_FRWP_ENABLE --define=_INFO_FRWP_ENABLE -g --printf_support=minimal --diag_warning=225 --diag_wrap=off --display_error_number --silicon_errata=CPU21 --silicon_errata=CPU22 --silicon_errata=CPU40 --preproc_with_compile --preproc_dependency="project10.d_raw"  "../project10.c"
Finished building: "../project10.c"
 
Building file: "../movement_state.c"
Invoking: MSP430 Compiler
"D:/ccs/tools/compiler/ti-cgt-msp430_21.6.1.LTS/bin/cl430" -vmspx --use_hw_mpy=F5 --include_path="D:/ccs/ccs_base/msp430/include" --include_path="D:/ccs/Project 10/Project 10" --include_path="D:/ccs/tools/compiler/ti-cgt-msp430_21.6.1.LTS/include" --advice:power=all --advice:hw_config=all --define=__MSP430FR2355__ --define=_FRWP_ENABLE --define=_INFO_FRWP_ENABLE -g --printf_support=minimal --diag_warning=225 --diag_wrap=off --display_error_number --silicon_errata=CPU21 --silicon_errata=CPU22 --silicon_errata=CPU40 --preproc_with_compile --preproc_dependency="movement_state.d_raw"  "../movement_state.c"
"../movement_state.c", line 33: warning #225-D: function "strcpy" declared implicitly
"../movement_state.c", line 46: warning #225-D: function "stopall" declared implicitly
"../movement_state.c", line 48: warning #225-D: function "strcpy" declared implicitly
"../movement_state.c", line 106: warning #225-D: function "moveforward" declared implicitly
"../movement_state.c", line 127: warning #225-D: function "moveforward" declared implicitly
"../movement_state.c", line 136: warning #225-D: function "spin_clockwise" declared implicitly
"../movement_state.c", line 159: warning #225-D: function "moveforward" declared implicitly
"../movement_state.c", line 168: warning #225-D: function "spin_clockwise" declared implicitly
"../movement_state.c", line 187: warning #225-D: function "spin_clockwise" declared implicitly
"../movement_state.c", line 218: warning #225-D: function "moveforward" declared implicitly
"../movement_state.c", line 226: warning #225-D: function "spin_clockwise" declared implicitly
"../movement_state.c", line 244: warning #225-D: function "spin_counterclockwise" declared implicitly
Finished building: "../movement_state.c"
 
Building file: "../project7_interface.c"
Invoking: MSP430 Compiler
"D:/ccs/tools/compiler/ti-cgt-msp430_21.6.1.LTS/bin/cl430" -vmspx --use_hw_mpy=F5 --include_path="D:/ccs/ccs_base/msp430/include" --include_path="D:/ccs/Project 10/Project 10" --include_path="D:/ccs/tools/compiler/ti-cgt-msp430_21.6.1.LTS/include" --advice:power=all --advice:hw_config=all --define=__MSP430FR2355__ --define=_FRWP_ENABLE --define=_INFO_FRWP_ENABLE -g --printf_support=minimal --diag_warning=225 --diag_wrap=off --display_error_number --silicon_errata=CPU21 --silicon_errata=CPU22 --silicon_errata=CPU40 --preproc_with_compile --preproc_dependency="project7_interface.d_raw"  "../project7_interface.c"
Finished building: "../project7_interface.c"
 
Building file: "../system.c"
Invoking: MSP430 Compiler
"D:/ccs/tools/compiler/ti-cgt-msp430_21.6.1.LTS/bin/cl430" -vmspx --use_hw_mpy=F5 --include_path="D:/ccs/ccs_base/msp430/include" --include_path="D:/ccs/Project 10/Project 10" --include_path="D:/ccs/tools/compiler/ti-cgt-msp430_21.6.1.LTS/include" --advice:power=all --advice:hw_config=all --define=__MSP430FR2355__ --define=_FRWP_ENABLE --define=_INFO_FRWP_ENABLE -g --printf_support=minimal --diag_warning=225 --diag_wrap=off --display_error_number --silicon_errata=CPU21 --silicon_errata=CPU22 --silicon_errata=CPU40 --preproc_with_compile --preproc_dependency="system.d_raw"  "../system.c"
"../system.c", line 18: remark #1535-D: (ULP 8.1) variable "delay_start" is used as a constant. Recommend declaring variable as either 'static const' or 'const'
Finished building: "../system.c"
 
Building file: "../uart_isr.c"
Invoking: MSP430 Compiler
"D:/ccs/tools/compiler/ti-cgt-msp430_21.6.1.LTS/bin/cl430" -vmspx --use_hw_mpy=F5 --include_path="D:/ccs/ccs_base/msp430/include" --include_path="D:/ccs/Project 10/Project 10" --include_path="D:/ccs/tools/compiler/ti-cgt-msp430_21.6.1.LTS/include" --advice:power=all --advice:hw_config=all --define=__MSP430FR2355__ --define=_FRWP_ENABLE --define=_INFO_FRWP_ENABLE -g --printf_support=minimal --diag_warning=225 --diag_wrap=off --display_error_number --silicon_errata=CPU21 --silicon_errata=CPU22 --silicon_errata=CPU40 --preproc_with_compile --preproc_dependency="uart_isr.d_raw"  "../uart_isr.c"
"../uart_isr.c", line 21: warning #225-D: function "comm_uart_pc_rx" declared implicitly
"../uart_isr.c", line 21: remark #1538-D: (ULP 10.1) ISR USCI_A1_ISR calls function comm_uart_pc_rx. Recommend moving function call away from ISR, or inlining the function, or using pragmas
"../uart_isr.c", line 21: remark #1538-D: (ULP 10.1) ISR USCI_A1_ISR calls function comm_uart_pc_rx. Recommend moving function call away from ISR, or inlining the function, or using pragmas
"../uart_isr.c", line 21: remark #1538-D: (ULP 10.1) ISR USCI_A1_ISR calls function comm_uart_pc_rx. Recommend moving function call away from ISR, or inlining the function, or using pragmas
"../uart_isr.c", line 37: warning #225-D: function "UART_PC_TX" declared implicitly
"../uart_isr.c", line 38: warning #225-D: function "comm_uart_iot_rx" declared implicitly
"../uart_isr.c", line 37: remark #1538-D: (ULP 10.1) ISR USCI_A0_ISR calls function UART_PC_TX. Recommend moving function call away from ISR, or inlining the function, or using pragmas
"../uart_isr.c", line 38: remark #1538-D: (ULP 10.1) ISR USCI_A0_ISR calls function comm_uart_iot_rx. Recommend moving function call away from ISR, or inlining the function, or using pragmas
"../uart_isr.c", line 37: remark #1538-D: (ULP 10.1) ISR USCI_A0_ISR calls function UART_PC_TX. Recommend moving function call away from ISR, or inlining the function, or using pragmas
"../uart_isr.c", line 38: remark #1538-D: (ULP 10.1) ISR USCI_A0_ISR calls function comm_uart_iot_rx. Recommend moving function call away from ISR, or inlining the function, or using pragmas
"../uart_isr.c", line 37: remark #1538-D: (ULP 10.1) ISR USCI_A0_ISR calls function UART_PC_TX. Recommend moving function call away from ISR, or inlining the function, or using pragmas
"../uart_isr.c", line 38: remark #1538-D: (ULP 10.1) ISR USCI_A0_ISR calls function comm_uart_iot_rx. Recommend moving function call away from ISR, or inlining the function, or using pragmas
Finished building: "../uart_isr.c"
 
gmake: Target 'all' not remade because of errors.

**** Build Finished ****

**** Build of configuration Debug for project Project 10 ****

"D:\\ccs\\utils\\bin\\gmake" -k -j 16 all -O 
 
Building file: "../Display.c"
Invoking: MSP430 Compiler
"D:/ccs/tools/compiler/ti-cgt-msp430_21.6.1.LTS/bin/cl430" -vmspx --use_hw_mpy=F5 --include_path="D:/ccs/ccs_base/msp430/include" --include_path="D:/ccs/Project 10/Project 10" --include_path="D:/ccs/tools/compiler/ti-cgt-msp430_21.6.1.LTS/include" --advice:power=all --advice:hw_config=all --define=__MSP430FR2355__ --define=_FRWP_ENABLE --define=_INFO_FRWP_ENABLE -g --printf_support=minimal --diag_warning=225 --diag_wrap=off --display_error_number --silicon_errata=CPU21 --silicon_errata=CPU22 --silicon_errata=CPU40 --preproc_with_compile --preproc_dependency="Display.d_raw"  "../Display.c"
Finished building: "../Display.c"
 
Building file: "../comm_system.c"
Invoking: MSP430 Compiler
"D:/ccs/tools/compiler/ti-cgt-msp430_21.6.1.LTS/bin/cl430" -vmspx --use_hw_mpy=F5 --include_path="D:/ccs/ccs_base/msp430/include" --include_path="D:/ccs/Project 10/Project 10" --include_path="D:/ccs/tools/compiler/ti-cgt-msp430_21.6.1.LTS/include" --advice:power=all --advice:hw_config=all --define=__MSP430FR2355__ --define=_FRWP_ENABLE --define=_INFO_FRWP_ENABLE -g --printf_support=minimal --diag_warning=225 --diag_wrap=off --display_error_number --silicon_errata=CPU21 --silicon_errata=CPU22 --silicon_errata=CPU40 --preproc_with_compile --preproc_dependency="comm_system.d_raw"  "../comm_system.c"
 
>> Compilation failure
subdir_rules.mk:9: recipe for target 'comm_system.obj' failed
"../comm_system.c", line 24: error #148: declaration is incompatible with "volatile unsigned char run_project7" (declared at line 7 of "..\functions.h")
"../comm_system.c", line 111: warning #225-D: function "UART_PC_TX" declared implicitly
1 error detected in the compilation of "../comm_system.c".
gmake: *** [comm_system.obj] Error 1
Building file: "../adc.c"
Invoking: MSP430 Compiler
"D:/ccs/tools/compiler/ti-cgt-msp430_21.6.1.LTS/bin/cl430" -vmspx --use_hw_mpy=F5 --include_path="D:/ccs/ccs_base/msp430/include" --include_path="D:/ccs/Project 10/Project 10" --include_path="D:/ccs/tools/compiler/ti-cgt-msp430_21.6.1.LTS/include" --advice:power=all --advice:hw_config=all --define=__MSP430FR2355__ --define=_FRWP_ENABLE --define=_INFO_FRWP_ENABLE -g --printf_support=minimal --diag_warning=225 --diag_wrap=off --display_error_number --silicon_errata=CPU21 --silicon_errata=CPU22 --silicon_errata=CPU40 --preproc_with_compile --preproc_dependency="adc.d_raw"  "../adc.c"
Finished building: "../adc.c"
 
Building file: "../black_line.c"
Invoking: MSP430 Compiler
"D:/ccs/tools/compiler/ti-cgt-msp430_21.6.1.LTS/bin/cl430" -vmspx --use_hw_mpy=F5 --include_path="D:/ccs/ccs_base/msp430/include" --include_path="D:/ccs/Project 10/Project 10" --include_path="D:/ccs/tools/compiler/ti-cgt-msp430_21.6.1.LTS/include" --advice:power=all --advice:hw_config=all --define=__MSP430FR2355__ --define=_FRWP_ENABLE --define=_INFO_FRWP_ENABLE -g --printf_support=minimal --diag_warning=225 --diag_wrap=off --display_error_number --silicon_errata=CPU21 --silicon_errata=CPU22 --silicon_errata=CPU40 --preproc_with_compile --preproc_dependency="black_line.d_raw"  "../black_line.c"
"../black_line.c", line 23: remark #1530-D: (ULP 5.1) Detected divide operation(s). Recommend moving them to RAM during run time or not using as these are processing/power intensive
"../black_line.c", line 24: remark #1530-D: (ULP 5.1) Detected divide operation(s). Recommend moving them to RAM during run time or not using as these are processing/power intensive
"../black_line.c", line 25: remark #1530-D: (ULP 5.1) Detected divide operation(s). Recommend moving them to RAM during run time or not using as these are processing/power intensive
"../black_line.c", line 26: remark #1530-D: (ULP 5.1) Detected modulo operation(s). Recommend moving them to RAM during run time or not using as these are processing/power intensive
"../black_line.c", line 30: remark #2553-D: (ULP 14.1) Array index (involving "line") of type "int". Recommend using "unsigned int"
"../black_line.c", line 31: remark #2553-D: (ULP 14.1) Array index (involving "pos") of type "int". Recommend using "unsigned int"
"../black_line.c", line 32: remark #2553-D: (ULP 14.1) Array index (involving "pos") of type "int". Recommend using "unsigned int"
"../black_line.c", line 33: remark #2553-D: (ULP 14.1) Array index (involving "pos") of type "int". Recommend using "unsigned int"
"../black_line.c", line 34: remark #2553-D: (ULP 14.1) Array index (involving "pos") of type "int". Recommend using "unsigned int"
"../black_line.c", line 43: warning #225-D: function "stopall" declared implicitly
"../black_line.c", line 44: warning #225-D: function "moveforward" declared implicitly
"../black_line.c", line 48: warning #225-D: function "moveforward" declared implicitly
"../black_line.c", line 66: warning #225-D: function "stopall" declared implicitly
"../black_line.c", line 79: warning #225-D: function "spin_clockwise" declared implicitly
"../black_line.c", line 112: warning #225-D: function "stopall" declared implicitly
Finished building: "../black_line.c"
 
Building file: "../clocks.c"
Invoking: MSP430 Compiler
"D:/ccs/tools/compiler/ti-cgt-msp430_21.6.1.LTS/bin/cl430" -vmspx --use_hw_mpy=F5 --include_path="D:/ccs/ccs_base/msp430/include" --include_path="D:/ccs/Project 10/Project 10" --include_path="D:/ccs/tools/compiler/ti-cgt-msp430_21.6.1.LTS/include" --advice:power=all --advice:hw_config=all --define=__MSP430FR2355__ --define=_FRWP_ENABLE --define=_INFO_FRWP_ENABLE -g --printf_support=minimal --diag_warning=225 --diag_wrap=off --display_error_number --silicon_errata=CPU21 --silicon_errata=CPU22 --silicon_errata=CPU40 --preproc_with_compile --preproc_dependency="clocks.d_raw"  "../clocks.c"
"../clocks.c", line 89: remark #1527-D: (ULP 2.1) Detected SW delay loop using __delay_cycles. Recommend using a timer module instead
"../clocks.c", line 90: remark #1527-D: (ULP 2.1) Detected SW delay loop using empty loop. Recommend using a timer module instead
"../clocks.c", line 123: remark #1527-D: (ULP 2.1) Detected SW delay loop using empty loop. Recommend using a timer module instead
Finished building: "../clocks.c"
 
Building file: "../init.c"
Invoking: MSP430 Compiler
"D:/ccs/tools/compiler/ti-cgt-msp430_21.6.1.LTS/bin/cl430" -vmspx --use_hw_mpy=F5 --include_path="D:/ccs/ccs_base/msp430/include" --include_path="D:/ccs/Project 10/Project 10" --include_path="D:/ccs/tools/compiler/ti-cgt-msp430_21.6.1.LTS/include" --advice:power=all --advice:hw_config=all --define=__MSP430FR2355__ --define=_FRWP_ENABLE --define=_INFO_FRWP_ENABLE -g --printf_support=minimal --diag_warning=225 --diag_wrap=off --display_error_number --silicon_errata=CPU21 --silicon_errata=CPU22 --silicon_errata=CPU40 --preproc_with_compile --preproc_dependency="init.d_raw"  "../init.c"
"../init.c", line 29: remark #1544-D: (ULP 13.1) Detected loop counting up. Recommend loops count down as detecting zeros is easier
"../init.c", line 30: remark #2553-D: (ULP 14.1) Array index (involving "i") of type "int". Recommend using "unsigned int"
"../init.c", line 31: remark #2553-D: (ULP 14.1) Array index (involving "i") of type "int". Recommend using "unsigned int"
"../init.c", line 32: remark #2553-D: (ULP 14.1) Array index (involving "i") of type "int". Recommend using "unsigned int"
"../init.c", line 33: remark #2553-D: (ULP 14.1) Array index (involving "i") of type "int". Recommend using "unsigned int"
Finished building: "../init.c"
 
Building file: "../led.c"
Invoking: MSP430 Compiler
"D:/ccs/tools/compiler/ti-cgt-msp430_21.6.1.LTS/bin/cl430" -vmspx --use_hw_mpy=F5 --include_path="D:/ccs/ccs_base/msp430/include" --include_path="D:/ccs/Project 10/Project 10" --include_path="D:/ccs/tools/compiler/ti-cgt-msp430_21.6.1.LTS/include" --advice:power=all --advice:hw_config=all --define=__MSP430FR2355__ --define=_FRWP_ENABLE --define=_INFO_FRWP_ENABLE -g --printf_support=minimal --diag_warning=225 --diag_wrap=off --display_error_number --silicon_errata=CPU21 --silicon_errata=CPU22 --silicon_errata=CPU40 --preproc_with_compile --preproc_dependency="led.d_raw"  "../led.c"
"../led.c", line 33: warning #225-D: function "Init_LEDs" declared implicitly
Finished building: "../led.c"
 
Building file: "../main.c"
Invoking: MSP430 Compiler
"D:/ccs/tools/compiler/ti-cgt-msp430_21.6.1.LTS/bin/cl430" -vmspx --use_hw_mpy=F5 --include_path="D:/ccs/ccs_base/msp430/include" --include_path="D:/ccs/Project 10/Project 10" --include_path="D:/ccs/tools/compiler/ti-cgt-msp430_21.6.1.LTS/include" --advice:power=all --advice:hw_config=all --define=__MSP430FR2355__ --define=_FRWP_ENABLE --define=_INFO_FRWP_ENABLE -g --printf_support=minimal --diag_warning=225 --diag_wrap=off --display_error_number --silicon_errata=CPU21 --silicon_errata=CPU22 --silicon_errata=CPU40 --preproc_with_compile --preproc_dependency="main.d_raw"  "../main.c"
"../main.c", line 24: warning #225-D: function "Init_ADC" declared implicitly
"../main.c", line 51: warning #225-D: function "Switches_Process" declared implicitly
"../main.c", line 53: warning #225-D: function "Black_Line_Follow" declared implicitly
Finished building: "../main.c"
 
Building file: "../movemenet.c"
Invoking: MSP430 Compiler
"D:/ccs/tools/compiler/ti-cgt-msp430_21.6.1.LTS/bin/cl430" -vmspx --use_hw_mpy=F5 --include_path="D:/ccs/ccs_base/msp430/include" --include_path="D:/ccs/Project 10/Project 10" --include_path="D:/ccs/tools/compiler/ti-cgt-msp430_21.6.1.LTS/include" --advice:power=all --advice:hw_config=all --define=__MSP430FR2355__ --define=_FRWP_ENABLE --define=_INFO_FRWP_ENABLE -g --printf_support=minimal --diag_warning=225 --diag_wrap=off --display_error_number --silicon_errata=CPU21 --silicon_errata=CPU22 --silicon_errata=CPU40 --preproc_with_compile --preproc_dependency="movemenet.d_raw"  "../movemenet.c"
"../movemenet.c", line 110: warning #225-D: function "movement_display_big" declared implicitly
"../movemenet.c", line 121: warning #225-D: function "atoi" declared implicitly
"../movemenet.c", line 129: warning #161-D: declaration is incompatible with previous "movement_display_big" (declared at line 110)
"../movemenet.c", line 133: warning #225-D: function "snprintf" declared implicitly
"../movemenet.c", line 134: warning #225-D: function "strcpy" declared implicitly
"../movemenet.c", line 133: remark #1532-D: (ULP 5.3) Detected snprintf() operation(s). Recommend moving them to RAM during run time or not using as these are processing/power intensive
"../movemenet.c", line 136: remark #1532-D: (ULP 5.3) Detected snprintf() operation(s). Recommend moving them to RAM during run time or not using as these are processing/power intensive
Finished building: "../movemenet.c"
 
Building file: "../movement_state.c"
Invoking: MSP430 Compiler
"D:/ccs/tools/compiler/ti-cgt-msp430_21.6.1.LTS/bin/cl430" -vmspx --use_hw_mpy=F5 --include_path="D:/ccs/ccs_base/msp430/include" --include_path="D:/ccs/Project 10/Project 10" --include_path="D:/ccs/tools/compiler/ti-cgt-msp430_21.6.1.LTS/include" --advice:power=all --advice:hw_config=all --define=__MSP430FR2355__ --define=_FRWP_ENABLE --define=_INFO_FRWP_ENABLE -g --printf_support=minimal --diag_warning=225 --diag_wrap=off --display_error_number --silicon_errata=CPU21 --silicon_errata=CPU22 --silicon_errata=CPU40 --preproc_with_compile --preproc_dependency="movement_state.d_raw"  "../movement_state.c"
"../movement_state.c", line 33: warning #225-D: function "strcpy" declared implicitly
"../movement_state.c", line 46: warning #225-D: function "stopall" declared implicitly
"../movement_state.c", line 48: warning #225-D: function "strcpy" declared implicitly
"../movement_state.c", line 106: warning #225-D: function "moveforward" declared implicitly
"../movement_state.c", line 127: warning #225-D: function "moveforward" declared implicitly
"../movement_state.c", line 136: warning #225-D: function "spin_clockwise" declared implicitly
"../movement_state.c", line 159: warning #225-D: function "moveforward" declared implicitly
"../movement_state.c", line 168: warning #225-D: function "spin_clockwise" declared implicitly
"../movement_state.c", line 187: warning #225-D: function "spin_clockwise" declared implicitly
"../movement_state.c", line 218: warning #225-D: function "moveforward" declared implicitly
"../movement_state.c", line 226: warning #225-D: function "spin_clockwise" declared implicitly
"../movement_state.c", line 244: warning #225-D: function "spin_counterclockwise" declared implicitly
Finished building: "../movement_state.c"
 
Building file: "../ports.c"
Invoking: MSP430 Compiler
"D:/ccs/tools/compiler/ti-cgt-msp430_21.6.1.LTS/bin/cl430" -vmspx --use_hw_mpy=F5 --include_path="D:/ccs/ccs_base/msp430/include" --include_path="D:/ccs/Project 10/Project 10" --include_path="D:/ccs/tools/compiler/ti-cgt-msp430_21.6.1.LTS/include" --advice:power=all --advice:hw_config=all --define=__MSP430FR2355__ --define=_FRWP_ENABLE --define=_INFO_FRWP_ENABLE -g --printf_support=minimal --diag_warning=225 --diag_wrap=off --display_error_number --silicon_errata=CPU21 --silicon_errata=CPU22 --silicon_errata=CPU40 --preproc_with_compile --preproc_dependency="ports.d_raw"  "../ports.c"
"../ports.c", line 12: warning #225-D: function "Init_Port_1" declared implicitly
"../ports.c", line 13: warning #225-D: function "Init_Port_2" declared implicitly
"../ports.c", line 14: warning #225-D: function "Init_Port_3" declared implicitly
"../ports.c", line 15: warning #225-D: function "Init_Port_4" declared implicitly
"../ports.c", line 16: warning #225-D: function "Init_Port_5" declared implicitly
"../ports.c", line 17: warning #225-D: function "Init_Port_6" declared implicitly
"../ports.c", line 23: warning #161-D: declaration is incompatible with previous "Init_Port_1" (declared at line 12)
"../ports.c", line 69: warning #161-D: declaration is incompatible with previous "Init_Port_2" (declared at line 13)
"../ports.c", line 114: warning #161-D: declaration is incompatible with previous "Init_Port_3" (declared at line 14)
"../ports.c", line 148: warning #161-D: declaration is incompatible with previous "Init_Port_4" (declared at line 15)
"../ports.c", line 181: warning #161-D: declaration is incompatible with previous "Init_Port_5" (declared at line 16)
"../ports.c", line 197: warning #161-D: declaration is incompatible with previous "Init_Port_6" (declared at line 17)
Finished building: "../ports.c"
 
Building file: "../switches.c"
Invoking: MSP430 Compiler
"D:/ccs/tools/compiler/ti-cgt-msp430_21.6.1.LTS/bin/cl430" -vmspx --use_hw_mpy=F5 --include_path="D:/ccs/ccs_base/msp430/include" --include_path="D:/ccs/Project 10/Project 10" --include_path="D:/ccs/tools/compiler/ti-cgt-msp430_21.6.1.LTS/include" --advice:power=all --advice:hw_config=all --define=__MSP430FR2355__ --define=_FRWP_ENABLE --define=_INFO_FRWP_ENABLE -g --printf_support=minimal --diag_warning=225 --diag_wrap=off --display_error_number --silicon_errata=CPU21 --silicon_errata=CPU22 --silicon_errata=CPU40 --preproc_with_compile --preproc_dependency="switches.d_raw"  "../switches.c"
"../switches.c", line 17: remark #1527-D: (ULP 2.1) Detected SW delay loop using __delay_cycles. Recommend using a timer module instead
"../switches.c", line 20: remark #1527-D: (ULP 2.1) Detected SW delay loop using empty loop. Recommend using a timer module instead
"../switches.c", line 26: remark #1527-D: (ULP 2.1) Detected SW delay loop using __delay_cycles. Recommend using a timer module instead
"../switches.c", line 29: remark #1527-D: (ULP 2.1) Detected SW delay loop using empty loop. Recommend using a timer module instead
Finished building: "../switches.c"
 
Building file: "../system.c"
Invoking: MSP430 Compiler
"D:/ccs/tools/compiler/ti-cgt-msp430_21.6.1.LTS/bin/cl430" -vmspx --use_hw_mpy=F5 --include_path="D:/ccs/ccs_base/msp430/include" --include_path="D:/ccs/Project 10/Project 10" --include_path="D:/ccs/tools/compiler/ti-cgt-msp430_21.6.1.LTS/include" --advice:power=all --advice:hw_config=all --define=__MSP430FR2355__ --define=_FRWP_ENABLE --define=_INFO_FRWP_ENABLE -g --printf_support=minimal --diag_warning=225 --diag_wrap=off --display_error_number --silicon_errata=CPU21 --silicon_errata=CPU22 --silicon_errata=CPU40 --preproc_with_compile --preproc_dependency="system.d_raw"  "../system.c"
"../system.c", line 18: remark #1535-D: (ULP 8.1) variable "delay_start" is used as a constant. Recommend declaring variable as either 'static const' or 'const'
Finished building: "../system.c"
 
Building file: "../timers.c"
Invoking: MSP430 Compiler
"D:/ccs/tools/compiler/ti-cgt-msp430_21.6.1.LTS/bin/cl430" -vmspx --use_hw_mpy=F5 --include_path="D:/ccs/ccs_base/msp430/include" --include_path="D:/ccs/Project 10/Project 10" --include_path="D:/ccs/tools/compiler/ti-cgt-msp430_21.6.1.LTS/include" --advice:power=all --advice:hw_config=all --define=__MSP430FR2355__ --define=_FRWP_ENABLE --define=_INFO_FRWP_ENABLE -g --printf_support=minimal --diag_warning=225 --diag_wrap=off --display_error_number --silicon_errata=CPU21 --silicon_errata=CPU22 --silicon_errata=CPU40 --preproc_with_compile --preproc_dependency="timers.d_raw"  "../timers.c"
"../timers.c", line 15: warning #225-D: function "Init_Timer_B0" declared implicitly
"../timers.c", line 22: warning #161-D: declaration is incompatible with previous "Init_Timer_B0" (declared at line 15)
Finished building: "../timers.c"
 
Building file: "../uart_isr.c"
Invoking: MSP430 Compiler
"D:/ccs/tools/compiler/ti-cgt-msp430_21.6.1.LTS/bin/cl430" -vmspx --use_hw_mpy=F5 --include_path="D:/ccs/ccs_base/msp430/include" --include_path="D:/ccs/Project 10/Project 10" --include_path="D:/ccs/tools/compiler/ti-cgt-msp430_21.6.1.LTS/include" --advice:power=all --advice:hw_config=all --define=__MSP430FR2355__ --define=_FRWP_ENABLE --define=_INFO_FRWP_ENABLE -g --printf_support=minimal --diag_warning=225 --diag_wrap=off --display_error_number --silicon_errata=CPU21 --silicon_errata=CPU22 --silicon_errata=CPU40 --preproc_with_compile --preproc_dependency="uart_isr.d_raw"  "../uart_isr.c"
"../uart_isr.c", line 21: warning #225-D: function "comm_uart_pc_rx" declared implicitly
"../uart_isr.c", line 21: remark #1538-D: (ULP 10.1) ISR USCI_A1_ISR calls function comm_uart_pc_rx. Recommend moving function call away from ISR, or inlining the function, or using pragmas
"../uart_isr.c", line 21: remark #1538-D: (ULP 10.1) ISR USCI_A1_ISR calls function comm_uart_pc_rx. Recommend moving function call away from ISR, or inlining the function, or using pragmas
"../uart_isr.c", line 21: remark #1538-D: (ULP 10.1) ISR USCI_A1_ISR calls function comm_uart_pc_rx. Recommend moving function call away from ISR, or inlining the function, or using pragmas
"../uart_isr.c", line 37: warning #225-D: function "UART_PC_TX" declared implicitly
"../uart_isr.c", line 38: warning #225-D: function "comm_uart_iot_rx" declared implicitly
"../uart_isr.c", line 37: remark #1538-D: (ULP 10.1) ISR USCI_A0_ISR calls function UART_PC_TX. Recommend moving function call away from ISR, or inlining the function, or using pragmas
"../uart_isr.c", line 38: remark #1538-D: (ULP 10.1) ISR USCI_A0_ISR calls function comm_uart_iot_rx. Recommend moving function call away from ISR, or inlining the function, or using pragmas
"../uart_isr.c", line 37: remark #1538-D: (ULP 10.1) ISR USCI_A0_ISR calls function UART_PC_TX. Recommend moving function call away from ISR, or inlining the function, or using pragmas
"../uart_isr.c", line 38: remark #1538-D: (ULP 10.1) ISR USCI_A0_ISR calls function comm_uart_iot_rx. Recommend moving function call away from ISR, or inlining the function, or using pragmas
"../uart_isr.c", line 37: remark #1538-D: (ULP 10.1) ISR USCI_A0_ISR calls function UART_PC_TX. Recommend moving function call away from ISR, or inlining the function, or using pragmas
"../uart_isr.c", line 38: remark #1538-D: (ULP 10.1) ISR USCI_A0_ISR calls function comm_uart_iot_rx. Recommend moving function call away from ISR, or inlining the function, or using pragmas
Finished building: "../uart_isr.c"
 
gmake: Target 'all' not remade because of errors.

**** Build Finished ****

**** Build of configuration Debug for project Project 10 ****

"D:\\ccs\\utils\\bin\\gmake" -k -j 16 all -O 
 
Building file: "../comm_system.c"
Invoking: MSP430 Compiler
"D:/ccs/tools/compiler/ti-cgt-msp430_21.6.1.LTS/bin/cl430" -vmspx --use_hw_mpy=F5 --include_path="D:/ccs/ccs_base/msp430/include" --include_path="D:/ccs/Project 10/Project 10" --include_path="D:/ccs/tools/compiler/ti-cgt-msp430_21.6.1.LTS/include" --advice:power=all --advice:hw_config=all --define=__MSP430FR2355__ --define=_FRWP_ENABLE --define=_INFO_FRWP_ENABLE -g --printf_support=minimal --diag_warning=225 --diag_wrap=off --display_error_number --silicon_errata=CPU21 --silicon_errata=CPU22 --silicon_errata=CPU40 --preproc_with_compile --preproc_dependency="comm_system.d_raw"  "../comm_system.c"
"../comm_system.c", line 111: warning #225-D: function "UART_PC_TX" declared implicitly
Finished building: "../comm_system.c"
 
Building target: "Project 10.out"
Invoking: MSP430 Linker
"D:/ccs/tools/compiler/ti-cgt-msp430_21.6.1.LTS/bin/cl430" -vmspx --use_hw_mpy=F5 --advice:power=all --advice:hw_config=all --define=__MSP430FR2355__ --define=_FRWP_ENABLE --define=_INFO_FRWP_ENABLE -g --printf_support=minimal --diag_warning=225 --diag_wrap=off --display_error_number --silicon_errata=CPU21 --silicon_errata=CPU22 --silicon_errata=CPU40 -z -m"Project 10.map" --heap_size=160 --stack_size=160 --cinit_hold_wdt=on -i"D:/ccs/ccs_base/msp430/include" -i"D:/ccs/ccs_base/msp430/lib/FR2xx" -i"D:/ccs/tools/compiler/ti-cgt-msp430_21.6.1.LTS/lib" -i"D:/ccs/tools/compiler/ti-cgt-msp430_21.6.1.LTS/include" --priority --reread_libs --define=_FRWP_ENABLE --define=_INFO_FRWP_ENABLE --diag_wrap=off --display_error_number --warn_sections --xml_link_info="Project 10_linkInfo.xml" --use_hw_mpy=F5 --rom_model -o "Project 10.out" "./Display.obj" "./adc.obj" "./black_line.obj" "./clocks.obj" "./comm_system.obj" "./init.obj" "./led.obj" "./main.obj" "./movemenet.obj" "./movement_state.obj" "./ports.obj" "./project10.obj" "./project7_interface.obj" "./switches.obj" "./system.obj" "./timers.obj" "./uart_isr.obj" "../lnk_msp430fr2355.cmd"  -lfrwp_init.a -llibc.a 
<Linking>
 
 undefined       first referenced 
  symbol             in file      
 ---------       ---------------- 
 Display_Update  ./Display.obj    
 Init_LCD        ./main.obj       
 Init_UART_IOT   ./main.obj       
 Init_UART_PC    ./main.obj       
 UART_PC_TX      ./comm_system.obj
 display         ./init.obj       
 display_changed ./Display.obj    
 display_line    ./black_line.obj 
 lcd_BIG_bot     ./led.obj        
 lcd_BIG_mid     ./led.obj        
 run_project7    ./comm_system.obj
 update_display  ./Display.obj    
 
remark #10372-D: (ULP 4.1) Detected uninitialized Port A in this project. Recommend initializing all unused ports to eliminate wasted current consumption on unused pins.
error #10234-D: unresolved symbols remain
remark #10372-D: (ULP 4.1) Detected uninitialized Port B in this project. Recommend initializing all unused ports to eliminate wasted current consumption on unused pins.
remark #10372-D: (ULP 4.1) Detected uninitialized Port C in this project. Recommend initializing all unused ports to eliminate wasted current consumption on unused pins.
remark #10422-D: (ULP 6.2) Detected use of a device with available 32-bit hardware multiplier and not also using MSPMATHLIB library (libmath.a).  Recommend using MSPMATHLIB library (libmath.a) for improved performance.
 
>> Compilation failure
makefile:152: recipe for target 'Project 10.out' failed
error #10010: errors encountered during linking; "Project 10.out" not built
gmake[1]: *** [Project 10.out] Error 1
makefile:148: recipe for target 'all' failed
gmake: *** [all] Error 2

**** Build Finished ****

**** Build of configuration Debug for project Project 10 ****

"D:\\ccs\\utils\\bin\\gmake" -k -j 16 all -O 
 
Building target: "Project 10.out"
Invoking: MSP430 Linker
"D:/ccs/tools/compiler/ti-cgt-msp430_21.6.1.LTS/bin/cl430" -vmspx --use_hw_mpy=F5 --advice:power=all --advice:hw_config=all --define=__MSP430FR2355__ --define=_FRWP_ENABLE --define=_INFO_FRWP_ENABLE -g --printf_support=minimal --diag_warning=225 --diag_wrap=off --display_error_number --silicon_errata=CPU21 --silicon_errata=CPU22 --silicon_errata=CPU40 -z -m"Project 10.map" --heap_size=160 --stack_size=160 --cinit_hold_wdt=on -i"D:/ccs/ccs_base/msp430/include" -i"D:/ccs/ccs_base/msp430/lib/FR2xx" -i"D:/ccs/tools/compiler/ti-cgt-msp430_21.6.1.LTS/lib" -i"D:/ccs/tools/compiler/ti-cgt-msp430_21.6.1.LTS/include" --priority --reread_libs --define=_FRWP_ENABLE --define=_INFO_FRWP_ENABLE --diag_wrap=off --display_error_number --warn_sections --xml_link_info="Project 10_linkInfo.xml" --use_hw_mpy=F5 --rom_model -o "Project 10.out" "./Display.obj" "./adc.obj" "./black_line.obj" "./clocks.obj" "./comm_system.obj" "./init.obj" "./led.obj" "./main.obj" "./movemenet.obj" "./movement_state.obj" "./ports.obj" "./project10.obj" "./project7_interface.obj" "./switches.obj" "./system.obj" "./timers.obj" "./uart_isr.obj" "../Compiled/LCD.obj" "../lnk_msp430fr2355.cmd"  -lfrwp_init.a -llibc.a 
<Linking>
 
 undefined     first referenced 
  symbol           in file      
 ---------     ---------------- 
 Init_UART_IOT ./main.obj       
 Init_UART_PC  ./main.obj       
 UART_PC_TX    ./comm_system.obj
 run_project7  ./comm_system.obj
 
error #10234-D: unresolved symbols remain
remark #10372-D: (ULP 4.1) Detected uninitialized Port A in this project. Recommend initializing all unused ports to eliminate wasted current consumption on unused pins.
error #10010: errors encountered during linking; "Project 10.out" not built
remark #10372-D: (ULP 4.1) Detected uninitialized Port B in this project. Recommend initializing all unused ports to eliminate wasted current consumption on unused pins.
remark #10372-D: (ULP 4.1) Detected uninitialized Port C in this project. Recommend initializing all unused ports to eliminate wasted current consumption on unused pins.
remark #10422-D: (ULP 6.2) Detected use of a device with available 32-bit hardware multiplier and not also using MSPMATHLIB library (libmath.a).  Recommend using MSPMATHLIB library (libmath.a) for improved performance.
 
>> Compilation failure
makefile:155: recipe for target 'Project 10.out' failed
gmake[1]: *** [Project 10.out] Error 1
makefile:151: recipe for target 'all' failed
gmake: *** [all] Error 2

**** Build Finished ****

**** Build of configuration Debug for project Project 10 ****

"D:\\ccs\\utils\\bin\\gmake" -k -j 16 all -O 
 
Building file: "../Compiled/global.c"
Invoking: MSP430 Compiler
"D:/ccs/tools/compiler/ti-cgt-msp430_21.6.1.LTS/bin/cl430" -vmspx --use_hw_mpy=F5 --include_path="D:/ccs/ccs_base/msp430/include" --include_path="D:/ccs/Project 10/Project 10" --include_path="D:/ccs/tools/compiler/ti-cgt-msp430_21.6.1.LTS/include" --advice:power=all --advice:hw_config=all --define=__MSP430FR2355__ --define=_FRWP_ENABLE --define=_INFO_FRWP_ENABLE -g --printf_support=minimal --diag_warning=225 --diag_wrap=off --display_error_number --silicon_errata=CPU21 --silicon_errata=CPU22 --silicon_errata=CPU40 --preproc_with_compile --preproc_dependency="Compiled/global.d_raw" --obj_directory="Compiled"  "../Compiled/global.c"
"../Compiled/global.c", line 18: remark #1535-D: (ULP 8.1) variable "ADC_Left_Detect" is used as a constant. Recommend declaring variable as either 'static const' or 'const'
"../Compiled/global.c", line 19: remark #1535-D: (ULP 8.1) variable "ADC_Right_Detect" is used as a constant. Recommend declaring variable as either 'static const' or 'const'
"../Compiled/global.c", line 20: remark #1535-D: (ULP 8.1) variable "ADC_Thumb" is used as a constant. Recommend declaring variable as either 'static const' or 'const'
"../Compiled/global.c", line 30: remark #1535-D: (ULP 8.1) variable "delay_start" is used as a constant. Recommend declaring variable as either 'static const' or 'const'
"../Compiled/global.c", line 52: remark #1535-D: (ULP 8.1) variable "wifi_rx_index" is used as a constant. Recommend declaring variable as either 'static const' or 'const'
"../Compiled/global.c", line 57: remark #1535-D: (ULP 8.1) variable "state" is used as a constant. Recommend declaring variable as either 'static const' or 'const'
"../Compiled/global.c", line 58: remark #1535-D: (ULP 8.1) variable "time_change" is used as a constant. Recommend declaring variable as either 'static const' or 'const'
"../Compiled/global.c", line 59: remark #1535-D: (ULP 8.1) variable "segment_count" is used as a constant. Recommend declaring variable as either 'static const' or 'const'
"../Compiled/global.c", line 60: remark #1535-D: (ULP 8.1) variable "right_motor_count" is used as a constant. Recommend declaring variable as either 'static const' or 'const'
"../Compiled/global.c", line 61: remark #1535-D: (ULP 8.1) variable "left_motor_count" is used as a constant. Recommend declaring variable as either 'static const' or 'const'
"../Compiled/global.c", line 62: remark #1535-D: (ULP 8.1) variable "cycle_time" is used as a constant. Recommend declaring variable as either 'static const' or 'const'
"../Compiled/global.c", line 63: remark #1535-D: (ULP 8.1) variable "event" is used as a constant. Recommend declaring variable as either 'static const' or 'const'
"../Compiled/global.c", line 64: remark #1535-D: (ULP 8.1) variable "side_count" is used as a constant. Recommend declaring variable as either 'static const' or 'const'
"../Compiled/global.c", line 65: remark #1535-D: (ULP 8.1) variable "turning" is used as a constant. Recommend declaring variable as either 'static const' or 'const'
"../Compiled/global.c", line 66: remark #1535-D: (ULP 8.1) variable "loop_side" is used as a constant. Recommend declaring variable as either 'static const' or 'const'
"../Compiled/global.c", line 72: remark #1535-D: (ULP 8.1) variable "move_q_head" is used as a constant. Recommend declaring variable as either 'static const' or 'const'
"../Compiled/global.c", line 73: remark #1535-D: (ULP 8.1) variable "move_q_tail" is used as a constant. Recommend declaring variable as either 'static const' or 'const'
Finished building: "../Compiled/global.c"
 
Building target: "Project 10.out"
Invoking: MSP430 Linker
"D:/ccs/tools/compiler/ti-cgt-msp430_21.6.1.LTS/bin/cl430" -vmspx --use_hw_mpy=F5 --advice:power=all --advice:hw_config=all --define=__MSP430FR2355__ --define=_FRWP_ENABLE --define=_INFO_FRWP_ENABLE -g --printf_support=minimal --diag_warning=225 --diag_wrap=off --display_error_number --silicon_errata=CPU21 --silicon_errata=CPU22 --silicon_errata=CPU40 -z -m"Project 10.map" --heap_size=160 --stack_size=160 --cinit_hold_wdt=on -i"D:/ccs/ccs_base/msp430/include" -i"D:/ccs/ccs_base/msp430/lib/FR2xx" -i"D:/ccs/tools/compiler/ti-cgt-msp430_21.6.1.LTS/lib" -i"D:/ccs/tools/compiler/ti-cgt-msp430_21.6.1.LTS/include" --priority --reread_libs --define=_FRWP_ENABLE --define=_INFO_FRWP_ENABLE --diag_wrap=off --display_error_number --warn_sections --xml_link_info="Project 10_linkInfo.xml" --use_hw_mpy=F5 --rom_model -o "Project 10.out" "./Display.obj" "./adc.obj" "./black_line.obj" "./clocks.obj" "./comm_system.obj" "./init.obj" "./led.obj" "./main.obj" "./movemenet.obj" "./movement_state.obj" "./ports.obj" "./project10.obj" "./project7_interface.obj" "./switches.obj" "./system.obj" "./timers.obj" "./uart_isr.obj" "../Compiled/LCD.obj" "./Compiled/global.obj" "../lnk_msp430fr2355.cmd"  -lfrwp_init.a -llibc.a 
<Linking>
error #10056: symbol "iot_pc_tail" redefined: first defined in "./comm_system.obj"; redefined in "./Compiled/global.obj"
error #10056: symbol "iot_pc_head" redefined: first defined in "./comm_system.obj"; redefined in "./Compiled/global.obj"
error #10056: symbol "ADC_Thumb" redefined: first defined in "./adc.obj"; redefined in "./Compiled/global.obj"
error #10056: symbol "timer_counter" redefined: first defined in "./timers.obj"; redefined in "./Compiled/global.obj"
error #10056: symbol "adc_stage" redefined: first defined in "./adc.obj"; redefined in "./Compiled/global.obj"
error #10056: symbol "update_display" redefined: first defined in "../Compiled/LCD.obj"; redefined in "./Compiled/global.obj"
error #10056: symbol "display_changed" redefined: first defined in "../Compiled/LCD.obj"; redefined in "./Compiled/global.obj"
error #10056: symbol "check_line_flag" redefined: first defined in "./adc.obj"; redefined in "./Compiled/global.obj"
error #10056: symbol "pc_iot_tail" redefined: first defined in "./comm_system.obj"; redefined in "./Compiled/global.obj"
error #10056: symbol "ADC_Left_Detect" redefined: first defined in "./adc.obj"; redefined in "./Compiled/global.obj"
error #10056: symbol "LCD_counter" redefined: first defined in "./timers.obj"; redefined in "./Compiled/global.obj"
error #10056: symbol "pc_iot_head" redefined: first defined in "./comm_system.obj"; redefined in "./Compiled/global.obj"
error #10056: symbol "delay_start" redefined: first defined in "./system.obj"; redefined in "./Compiled/global.obj"
error #10056: symbol "ADC_Right_Detect" redefined: first defined in "./adc.obj"; redefined in "./Compiled/global.obj"
 
 undefined     first referenced 
  symbol           in file      
 ---------     ---------------- 
 Init_UART_IOT ./main.obj       
remark #10372-D: (ULP 4.1) Detected uninitialized Port A in this project. Recommend initializing all unused ports to eliminate wasted current consumption on unused pins.
remark #10372-D: (ULP 4.1) Detected uninitialized Port B in this project. Recommend initializing all unused ports to eliminate wasted current consumption on unused pins.
 Init_UART_PC  ./main.obj       
remark #10372-D: (ULP 4.1) Detected uninitialized Port C in this project. Recommend initializing all unused ports to eliminate wasted current consumption on unused pins.
remark #10422-D: (ULP 6.2) Detected use of a device with available 32-bit hardware multiplier and not also using MSPMATHLIB library (libmath.a).  Recommend using MSPMATHLIB library (libmath.a) for improved performance.
 
>> Compilation failure
makefile:156: recipe for target 'Project 10.out' failed
 UART_PC_TX    ./comm_system.obj
 
error #10234-D: unresolved symbols remain
error #10010: errors encountered during linking; "Project 10.out" not built
gmake[1]: *** [Project 10.out] Error 1
makefile:152: recipe for target 'all' failed
gmake: *** [all] Error 2

**** Build Finished ****

**** Build of configuration Debug for project Project 10 ****

"D:\\ccs\\utils\\bin\\gmake" -k -j 16 all -O 
 
Building file: "../Compiled/global.c"
Invoking: MSP430 Compiler
"D:/ccs/tools/compiler/ti-cgt-msp430_21.6.1.LTS/bin/cl430" -vmspx --use_hw_mpy=F5 --include_path="D:/ccs/ccs_base/msp430/include" --include_path="D:/ccs/Project 10/Project 10" --include_path="D:/ccs/tools/compiler/ti-cgt-msp430_21.6.1.LTS/include" --advice:power=all --advice:hw_config=all --define=__MSP430FR2355__ --define=_FRWP_ENABLE --define=_INFO_FRWP_ENABLE -g --printf_support=minimal --diag_warning=225 --diag_wrap=off --display_error_number --silicon_errata=CPU21 --silicon_errata=CPU22 --silicon_errata=CPU40 --preproc_with_compile --preproc_dependency="Compiled/global.d_raw" --obj_directory="Compiled"  "../Compiled/global.c"
"../Compiled/global.c", line 34: remark #1535-D: (ULP 8.1) variable "wifi_rx_index" is used as a constant. Recommend declaring variable as either 'static const' or 'const'
"../Compiled/global.c", line 39: remark #1535-D: (ULP 8.1) variable "state" is used as a constant. Recommend declaring variable as either 'static const' or 'const'
"../Compiled/global.c", line 40: remark #1535-D: (ULP 8.1) variable "time_change" is used as a constant. Recommend declaring variable as either 'static const' or 'const'
"../Compiled/global.c", line 41: remark #1535-D: (ULP 8.1) variable "segment_count" is used as a constant. Recommend declaring variable as either 'static const' or 'const'
"../Compiled/global.c", line 42: remark #1535-D: (ULP 8.1) variable "right_motor_count" is used as a constant. Recommend declaring variable as either 'static const' or 'const'
"../Compiled/global.c", line 43: remark #1535-D: (ULP 8.1) variable "left_motor_count" is used as a constant. Recommend declaring variable as either 'static const' or 'const'
"../Compiled/global.c", line 44: remark #1535-D: (ULP 8.1) variable "cycle_time" is used as a constant. Recommend declaring variable as either 'static const' or 'const'
"../Compiled/global.c", line 45: remark #1535-D: (ULP 8.1) variable "event" is used as a constant. Recommend declaring variable as either 'static const' or 'const'
"../Compiled/global.c", line 46: remark #1535-D: (ULP 8.1) variable "side_count" is used as a constant. Recommend declaring variable as either 'static const' or 'const'
"../Compiled/global.c", line 47: remark #1535-D: (ULP 8.1) variable "turning" is used as a constant. Recommend declaring variable as either 'static const' or 'const'
"../Compiled/global.c", line 48: remark #1535-D: (ULP 8.1) variable "loop_side" is used as a constant. Recommend declaring variable as either 'static const' or 'const'
"../Compiled/global.c", line 54: remark #1535-D: (ULP 8.1) variable "move_q_head" is used as a constant. Recommend declaring variable as either 'static const' or 'const'
"../Compiled/global.c", line 55: remark #1535-D: (ULP 8.1) variable "move_q_tail" is used as a constant. Recommend declaring variable as either 'static const' or 'const'
Finished building: "../Compiled/global.c"
 
Building file: "../comm_system.c"
Invoking: MSP430 Compiler
"D:/ccs/tools/compiler/ti-cgt-msp430_21.6.1.LTS/bin/cl430" -vmspx --use_hw_mpy=F5 --include_path="D:/ccs/ccs_base/msp430/include" --include_path="D:/ccs/Project 10/Project 10" --include_path="D:/ccs/tools/compiler/ti-cgt-msp430_21.6.1.LTS/include" --advice:power=all --advice:hw_config=all --define=__MSP430FR2355__ --define=_FRWP_ENABLE --define=_INFO_FRWP_ENABLE -g --printf_support=minimal --diag_warning=225 --diag_wrap=off --display_error_number --silicon_errata=CPU21 --silicon_errata=CPU22 --silicon_errata=CPU40 --preproc_with_compile --preproc_dependency="comm_system.d_raw"  "../comm_system.c"
"../comm_system.c", line 66: remark #1528-D: (ULP 3.1) Detected flag polling using UCA1IFG. Recommend using an interrupt combined with enter LPMx and ISR
Finished building: "../comm_system.c"
 
Building target: "Project 10.out"
Invoking: MSP430 Linker
"D:/ccs/tools/compiler/ti-cgt-msp430_21.6.1.LTS/bin/cl430" -vmspx --use_hw_mpy=F5 --advice:power=all --advice:hw_config=all --define=__MSP430FR2355__ --define=_FRWP_ENABLE --define=_INFO_FRWP_ENABLE -g --printf_support=minimal --diag_warning=225 --diag_wrap=off --display_error_number --silicon_errata=CPU21 --silicon_errata=CPU22 --silicon_errata=CPU40 -z -m"Project 10.map" --heap_size=160 --stack_size=160 --cinit_hold_wdt=on -i"D:/ccs/ccs_base/msp430/include" -i"D:/ccs/ccs_base/msp430/lib/FR2xx" -i"D:/ccs/tools/compiler/ti-cgt-msp430_21.6.1.LTS/lib" -i"D:/ccs/tools/compiler/ti-cgt-msp430_21.6.1.LTS/include" --priority --reread_libs --define=_FRWP_ENABLE --define=_INFO_FRWP_ENABLE --diag_wrap=off --display_error_number --warn_sections --xml_link_info="Project 10_linkInfo.xml" --use_hw_mpy=F5 --rom_model -o "Project 10.out" "./Display.obj" "./adc.obj" "./black_line.obj" "./clocks.obj" "./comm_system.obj" "./init.obj" "./led.obj" "./main.obj" "./movemenet.obj" "./movement_state.obj" "./ports.obj" "./project10.obj" "./project7_interface.obj" "./switches.obj" "./system.obj" "./timers.obj" "./uart_isr.obj" "../Compiled/LCD.obj" "./Compiled/global.obj" "../lnk_msp430fr2355.cmd"  -lfrwp_init.a -llibc.a 
<Linking>
remark #10372-D: (ULP 4.1) Detected uninitialized Port A in this project. Recommend initializing all unused ports to eliminate wasted current consumption on unused pins.
remark #10372-D: (ULP 4.1) Detected uninitialized Port B in this project. Recommend initializing all unused ports to eliminate wasted current consumption on unused pins.
remark #10372-D: (ULP 4.1) Detected uninitialized Port C in this project. Recommend initializing all unused ports to eliminate wasted current consumption on unused pins.
remark #10422-D: (ULP 6.2) Detected use of a device with available 32-bit hardware multiplier and not also using MSPMATHLIB library (libmath.a).  Recommend using MSPMATHLIB library (libmath.a) for improved performance.
Finished building target: "Project 10.out"
 

**** Build Finished ****

**** Build of configuration Debug for project Project 10 ****

"D:\\ccs\\utils\\bin\\gmake" -k -j 16 all -O 
 
gmake[1]: 'Project 10.out' is up to date.

**** Build Finished ****
