
**** Build of configuration Debug for project Homework 05 ****

"D:\\ccs\\utils\\bin\\gmake" -k -j 16 all -O 
 
Building file: "../Display.c"
Invoking: MSP430 Compiler
"D:/ccs/tools/compiler/ti-cgt-msp430_21.6.1.LTS/bin/cl430" -vmspx --use_hw_mpy=F5 --include_path="D:/ccs/ccs_base/msp430/include" --include_path="D:/ccs/Homework 05/Homework 05" --include_path="D:/ccs/tools/compiler/ti-cgt-msp430_21.6.1.LTS/include" --advice:power=all --advice:hw_config=all --define=__MSP430FR2355__ --define=_FRWP_ENABLE --define=_INFO_FRWP_ENABLE -g --printf_support=minimal --diag_warning=225 --diag_wrap=off --display_error_number --silicon_errata=CPU21 --silicon_errata=CPU22 --silicon_errata=CPU40 --preproc_with_compile --preproc_dependency="Display.d_raw"  "../Display.c"
Finished building: "../Display.c"
 
Building file: "../clocks.c"
Invoking: MSP430 Compiler
"D:/ccs/tools/compiler/ti-cgt-msp430_21.6.1.LTS/bin/cl430" -vmspx --use_hw_mpy=F5 --include_path="D:/ccs/ccs_base/msp430/include" --include_path="D:/ccs/Homework 05/Homework 05" --include_path="D:/ccs/tools/compiler/ti-cgt-msp430_21.6.1.LTS/include" --advice:power=all --advice:hw_config=all --define=__MSP430FR2355__ --define=_FRWP_ENABLE --define=_INFO_FRWP_ENABLE -g --printf_support=minimal --diag_warning=225 --diag_wrap=off --display_error_number --silicon_errata=CPU21 --silicon_errata=CPU22 --silicon_errata=CPU40 --preproc_with_compile --preproc_dependency="clocks.d_raw"  "../clocks.c"
"../clocks.c", line 86: remark #1527-D: (ULP 2.1) Detected SW delay loop using __delay_cycles. Recommend using a timer module instead
"../clocks.c", line 87: remark #1527-D: (ULP 2.1) Detected SW delay loop using empty loop. Recommend using a timer module instead
"../clocks.c", line 120: remark #1527-D: (ULP 2.1) Detected SW delay loop using empty loop. Recommend using a timer module instead
Finished building: "../clocks.c"
 
Building file: "../init.c"
Invoking: MSP430 Compiler
"D:/ccs/tools/compiler/ti-cgt-msp430_21.6.1.LTS/bin/cl430" -vmspx --use_hw_mpy=F5 --include_path="D:/ccs/ccs_base/msp430/include" --include_path="D:/ccs/Homework 05/Homework 05" --include_path="D:/ccs/tools/compiler/ti-cgt-msp430_21.6.1.LTS/include" --advice:power=all --advice:hw_config=all --define=__MSP430FR2355__ --define=_FRWP_ENABLE --define=_INFO_FRWP_ENABLE -g --printf_support=minimal --diag_warning=225 --diag_wrap=off --display_error_number --silicon_errata=CPU21 --silicon_errata=CPU22 --silicon_errata=CPU40 --preproc_with_compile --preproc_dependency="init.d_raw"  "../init.c"
"../init.c", line 26: remark #1544-D: (ULP 13.1) Detected loop counting up. Recommend loops count down as detecting zeros is easier
"../init.c", line 27: remark #2553-D: (ULP 14.1) Array index (involving "i") of type "int". Recommend using "unsigned int"
"../init.c", line 28: remark #2553-D: (ULP 14.1) Array index (involving "i") of type "int". Recommend using "unsigned int"
"../init.c", line 29: remark #2553-D: (ULP 14.1) Array index (involving "i") of type "int". Recommend using "unsigned int"
"../init.c", line 30: remark #2553-D: (ULP 14.1) Array index (involving "i") of type "int". Recommend using "unsigned int"
Finished building: "../init.c"
 
Building file: "../main.c"
Invoking: MSP430 Compiler
"D:/ccs/tools/compiler/ti-cgt-msp430_21.6.1.LTS/bin/cl430" -vmspx --use_hw_mpy=F5 --include_path="D:/ccs/ccs_base/msp430/include" --include_path="D:/ccs/Homework 05/Homework 05" --include_path="D:/ccs/tools/compiler/ti-cgt-msp430_21.6.1.LTS/include" --advice:power=all --advice:hw_config=all --define=__MSP430FR2355__ --define=_FRWP_ENABLE --define=_INFO_FRWP_ENABLE -g --printf_support=minimal --diag_warning=225 --diag_wrap=off --display_error_number --silicon_errata=CPU21 --silicon_errata=CPU22 --silicon_errata=CPU40 --preproc_with_compile --preproc_dependency="main.d_raw"  "../main.c"
"../main.c", line 112: warning #225-D: function "LCD_update" declared implicitly
"../main.c", line 113: warning #225-D: function "timed_moves" declared implicitly
"../main.c", line 114: warning #225-D: function "state_timer" declared implicitly
"../main.c", line 121: warning #225-D: function "Run_Circle" declared implicitly
"../main.c", line 124: warning #225-D: function "Run_Figure8" declared implicitly
"../main.c", line 127: warning #225-D: function "Run_Triangle" declared implicitly
"../main.c", line 51: remark #1535-D: (ULP 8.1) variable "wheel_move" is used as a constant. Recommend declaring variable as either 'static const' or 'const'
"../main.c", line 52: remark #1535-D: (ULP 8.1) variable "forward" is used as a constant. Recommend declaring variable as either 'static const' or 'const'
"../main.c", line 58: remark #1535-D: (ULP 8.1) variable "event" is used as a constant. Recommend declaring variable as either 'static const' or 'const'
Finished building: "../main.c"
 
Building file: "../led.c"
Invoking: MSP430 Compiler
"D:/ccs/tools/compiler/ti-cgt-msp430_21.6.1.LTS/bin/cl430" -vmspx --use_hw_mpy=F5 --include_path="D:/ccs/ccs_base/msp430/include" --include_path="D:/ccs/Homework 05/Homework 05" --include_path="D:/ccs/tools/compiler/ti-cgt-msp430_21.6.1.LTS/include" --advice:power=all --advice:hw_config=all --define=__MSP430FR2355__ --define=_FRWP_ENABLE --define=_INFO_FRWP_ENABLE -g --printf_support=minimal --diag_warning=225 --diag_wrap=off --display_error_number --silicon_errata=CPU21 --silicon_errata=CPU22 --silicon_errata=CPU40 --preproc_with_compile --preproc_dependency="led.d_raw"  "../led.c"
Finished building: "../led.c"
 
Building file: "../ports.c"
Invoking: MSP430 Compiler
"D:/ccs/tools/compiler/ti-cgt-msp430_21.6.1.LTS/bin/cl430" -vmspx --use_hw_mpy=F5 --include_path="D:/ccs/ccs_base/msp430/include" --include_path="D:/ccs/Homework 05/Homework 05" --include_path="D:/ccs/tools/compiler/ti-cgt-msp430_21.6.1.LTS/include" --advice:power=all --advice:hw_config=all --define=__MSP430FR2355__ --define=_FRWP_ENABLE --define=_INFO_FRWP_ENABLE -g --printf_support=minimal --diag_warning=225 --diag_wrap=off --display_error_number --silicon_errata=CPU21 --silicon_errata=CPU22 --silicon_errata=CPU40 --preproc_with_compile --preproc_dependency="ports.d_raw"  "../ports.c"
"../ports.c", line 16: warning #225-D: function "Init_Port_1" declared implicitly
"../ports.c", line 17: warning #225-D: function "Init_Port_2" declared implicitly
"../ports.c", line 18: warning #225-D: function "Init_Port_3" declared implicitly
"../ports.c", line 19: warning #225-D: function "Init_Port_4" declared implicitly
"../ports.c", line 20: warning #225-D: function "Init_Port_5" declared implicitly
"../ports.c", line 21: warning #225-D: function "Init_Port_6" declared implicitly
"../ports.c", line 24: warning #161-D: declaration is incompatible with previous "Init_Port_1" (declared at line 16)
"../ports.c", line 61: warning #161-D: declaration is incompatible with previous "Init_Port_2" (declared at line 17)
"../ports.c", line 97: warning #161-D: declaration is incompatible with previous "Init_Port_3" (declared at line 18)
"../ports.c", line 150: warning #161-D: declaration is incompatible with previous "Init_Port_4" (declared at line 19)
"../ports.c", line 179: warning #161-D: declaration is incompatible with previous "Init_Port_5" (declared at line 20)
"../ports.c", line 201: warning #161-D: declaration is incompatible with previous "Init_Port_6" (declared at line 21)
Finished building: "../ports.c"
 
Building file: "../switches.c"
Invoking: MSP430 Compiler
"D:/ccs/tools/compiler/ti-cgt-msp430_21.6.1.LTS/bin/cl430" -vmspx --use_hw_mpy=F5 --include_path="D:/ccs/ccs_base/msp430/include" --include_path="D:/ccs/Homework 05/Homework 05" --include_path="D:/ccs/tools/compiler/ti-cgt-msp430_21.6.1.LTS/include" --advice:power=all --advice:hw_config=all --define=__MSP430FR2355__ --define=_FRWP_ENABLE --define=_INFO_FRWP_ENABLE -g --printf_support=minimal --diag_warning=225 --diag_wrap=off --display_error_number --silicon_errata=CPU21 --silicon_errata=CPU22 --silicon_errata=CPU40 --preproc_with_compile --preproc_dependency="switches.d_raw"  "../switches.c"
"../switches.c", line 39: warning #225-D: function "Init_Port_3" declared implicitly
"../switches.c", line 42: warning #225-D: function "Init_Port_3" declared implicitly
Finished building: "../switches.c"
 
Building file: "../states.c"
Invoking: MSP430 Compiler
"D:/ccs/tools/compiler/ti-cgt-msp430_21.6.1.LTS/bin/cl430" -vmspx --use_hw_mpy=F5 --include_path="D:/ccs/ccs_base/msp430/include" --include_path="D:/ccs/Homework 05/Homework 05" --include_path="D:/ccs/tools/compiler/ti-cgt-msp430_21.6.1.LTS/include" --advice:power=all --advice:hw_config=all --define=__MSP430FR2355__ --define=_FRWP_ENABLE --define=_INFO_FRWP_ENABLE -g --printf_support=minimal --diag_warning=225 --diag_wrap=off --display_error_number --silicon_errata=CPU21 --silicon_errata=CPU22 --silicon_errata=CPU40 --preproc_with_compile --preproc_dependency="states.d_raw"  "../states.c"
"../states.c", line 35: warning #225-D: function "wait_case" declared implicitly
"../states.c", line 38: warning #225-D: function "start_case" declared implicitly
"../states.c", line 41: warning #225-D: function "run_case" declared implicitly
"../states.c", line 44: warning #225-D: function "end_case" declared implicitly
"../states.c", line 50: warning #161-D: declaration is incompatible with previous "start_case" (declared at line 38)
"../states.c", line 54: warning #225-D: function "moveforward" declared implicitly
"../states.c", line 59: warning #161-D: declaration is incompatible with previous "run_case" (declared at line 41)
"../states.c", line 74: warning #225-D: function "moveforward" declared implicitly
"../states.c", line 85: warning #225-D: function "wait_case" declared implicitly
"../states.c", line 86: warning #225-D: function "start_case_circle" declared implicitly
"../states.c", line 87: warning #225-D: function "run_case_circle" declared implicitly
"../states.c", line 88: warning #225-D: function "end_case" declared implicitly
"../states.c", line 93: warning #161-D: declaration is incompatible with previous "wait_case" (declared at line 35)
"../states.c", line 103: warning #161-D: declaration is incompatible with previous "start_case_circle" (declared at line 86)
"../states.c", line 107: warning #225-D: function "moveforward" declared implicitly
"../states.c", line 112: warning #161-D: declaration is incompatible with previous "run_case_circle" (declared at line 87)
"../states.c", line 133: warning #225-D: function "moveforward" declared implicitly
"../states.c", line 141: warning #161-D: declaration is incompatible with previous "end_case" (declared at line 44)
"../states.c", line 142: warning #225-D: function "stopall" declared implicitly
"../states.c", line 151: warning #225-D: function "start_case_triangle" declared implicitly
"../states.c", line 152: warning #225-D: function "run_case_triangle" declared implicitly
"../states.c", line 158: warning #161-D: declaration is incompatible with previous "start_case_triangle" (declared at line 151)
"../states.c", line 162: warning #225-D: function "moveforward" declared implicitly
"../states.c", line 169: warning #161-D: declaration is incompatible with previous "run_case_triangle" (declared at line 152)
"../states.c", line 192: warning #225-D: function "moveforward" declared implicitly
"../states.c", line 203: warning #188-D: pointless comparison of unsigned integer with zero
"../states.c", line 217: warning #225-D: function "moveforward" declared implicitly
"../states.c", line 238: warning #225-D: function "start_case_figure8" declared implicitly
"../states.c", line 239: warning #225-D: function "run_case_figure8" declared implicitly
"../states.c", line 246: warning #161-D: declaration is incompatible with previous "start_case_figure8" (declared at line 238)
"../states.c", line 250: warning #225-D: function "moveforward" declared implicitly
"../states.c", line 256: warning #161-D: declaration is incompatible with previous "run_case_figure8" (declared at line 239)
"../states.c", line 287: warning #225-D: function "moveforward" declared implicitly
"../states.c", line 298: warning #225-D: function "moveforward" declared implicitly
"../states.c", line 24: remark #1535-D: (ULP 8.1) variable "event" is used as a constant. Recommend declaring variable as either 'static const' or 'const'
Finished building: "../states.c"
 
Building file: "../system.c"
Invoking: MSP430 Compiler
"D:/ccs/tools/compiler/ti-cgt-msp430_21.6.1.LTS/bin/cl430" -vmspx --use_hw_mpy=F5 --include_path="D:/ccs/ccs_base/msp430/include" --include_path="D:/ccs/Homework 05/Homework 05" --include_path="D:/ccs/tools/compiler/ti-cgt-msp430_21.6.1.LTS/include" --advice:power=all --advice:hw_config=all --define=__MSP430FR2355__ --define=_FRWP_ENABLE --define=_INFO_FRWP_ENABLE -g --printf_support=minimal --diag_warning=225 --diag_wrap=off --display_error_number --silicon_errata=CPU21 --silicon_errata=CPU22 --silicon_errata=CPU40 --preproc_with_compile --preproc_dependency="system.d_raw"  "../system.c"
Finished building: "../system.c"
 
Building file: "../timers.c"
Invoking: MSP430 Compiler
"D:/ccs/tools/compiler/ti-cgt-msp430_21.6.1.LTS/bin/cl430" -vmspx --use_hw_mpy=F5 --include_path="D:/ccs/ccs_base/msp430/include" --include_path="D:/ccs/Homework 05/Homework 05" --include_path="D:/ccs/tools/compiler/ti-cgt-msp430_21.6.1.LTS/include" --advice:power=all --advice:hw_config=all --define=__MSP430FR2355__ --define=_FRWP_ENABLE --define=_INFO_FRWP_ENABLE -g --printf_support=minimal --diag_warning=225 --diag_wrap=off --display_error_number --silicon_errata=CPU21 --silicon_errata=CPU22 --silicon_errata=CPU40 --preproc_with_compile --preproc_dependency="timers.d_raw"  "../timers.c"
Finished building: "../timers.c"
 
Building file: "../timers_move.c"
Invoking: MSP430 Compiler
"D:/ccs/tools/compiler/ti-cgt-msp430_21.6.1.LTS/bin/cl430" -vmspx --use_hw_mpy=F5 --include_path="D:/ccs/ccs_base/msp430/include" --include_path="D:/ccs/Homework 05/Homework 05" --include_path="D:/ccs/tools/compiler/ti-cgt-msp430_21.6.1.LTS/include" --advice:power=all --advice:hw_config=all --define=__MSP430FR2355__ --define=_FRWP_ENABLE --define=_INFO_FRWP_ENABLE -g --printf_support=minimal --diag_warning=225 --diag_wrap=off --display_error_number --silicon_errata=CPU21 --silicon_errata=CPU22 --silicon_errata=CPU40 --preproc_with_compile --preproc_dependency="timers_move.d_raw"  "../timers_move.c"
"../timers_move.c", line 57: warning #225-D: function "moveforward" declared implicitly
"../timers_move.c", line 61: warning #225-D: function "stopall" declared implicitly
"../timers_move.c", line 65: warning #225-D: function "movereverse" declared implicitly
"../timers_move.c", line 82: warning #225-D: function "spin_clockwise" declared implicitly
"../timers_move.c", line 90: warning #225-D: function "spin_counterclockwise" declared implicitly
Finished building: "../timers_move.c"
 
Building file: "../wheels.c"
Invoking: MSP430 Compiler
"D:/ccs/tools/compiler/ti-cgt-msp430_21.6.1.LTS/bin/cl430" -vmspx --use_hw_mpy=F5 --include_path="D:/ccs/ccs_base/msp430/include" --include_path="D:/ccs/Homework 05/Homework 05" --include_path="D:/ccs/tools/compiler/ti-cgt-msp430_21.6.1.LTS/include" --advice:power=all --advice:hw_config=all --define=__MSP430FR2355__ --define=_FRWP_ENABLE --define=_INFO_FRWP_ENABLE -g --printf_support=minimal --diag_warning=225 --diag_wrap=off --display_error_number --silicon_errata=CPU21 --silicon_errata=CPU22 --silicon_errata=CPU40 --preproc_with_compile --preproc_dependency="wheels.d_raw"  "../wheels.c"
Finished building: "../wheels.c"
 
Building target: "Homework 05.out"
Invoking: MSP430 Linker
"D:/ccs/tools/compiler/ti-cgt-msp430_21.6.1.LTS/bin/cl430" -vmspx --use_hw_mpy=F5 --advice:power=all --advice:hw_config=all --define=__MSP430FR2355__ --define=_FRWP_ENABLE --define=_INFO_FRWP_ENABLE -g --printf_support=minimal --diag_warning=225 --diag_wrap=off --display_error_number --silicon_errata=CPU21 --silicon_errata=CPU22 --silicon_errata=CPU40 -z -m"Homework 05.map" --heap_size=160 --stack_size=160 --cinit_hold_wdt=on -i"D:/ccs/ccs_base/msp430/include" -i"D:/ccs/ccs_base/msp430/lib/FR2xx" -i"D:/ccs/tools/compiler/ti-cgt-msp430_21.6.1.LTS/lib" -i"D:/ccs/tools/compiler/ti-cgt-msp430_21.6.1.LTS/include" --priority --reread_libs --define=_FRWP_ENABLE --define=_INFO_FRWP_ENABLE --diag_wrap=off --display_error_number --warn_sections --xml_link_info="Homework 05_linkInfo.xml" --use_hw_mpy=F5 --rom_model -o "Homework 05.out" "./Display.obj" "./clocks.obj" "./init.obj" "./led.obj" "./main.obj" "./ports.obj" "./states.obj" "./switches.obj" "./system.obj" "./timers.obj" "./timers_move.obj" "./wheels.obj" "../Compiled/LCD.obj" "../lnk_msp430fr2355.cmd"  -lfrwp_init.a -llibc.a 
<Linking>
remark #10372-D: (ULP 4.1) Detected uninitialized Port A in this project. Recommend initializing all unused ports to eliminate wasted current consumption on unused pins.
remark #10372-D: (ULP 4.1) Detected uninitialized Port B in this project. Recommend initializing all unused ports to eliminate wasted current consumption on unused pins.
remark #10372-D: (ULP 4.1) Detected uninitialized Port C in this project. Recommend initializing all unused ports to eliminate wasted current consumption on unused pins.
remark #10422-D: (ULP 6.2) Detected use of a device with available 32-bit hardware multiplier and not also using MSPMATHLIB library (libmath.a).  Recommend using MSPMATHLIB library (libmath.a) for improved performance.
Finished building target: "Homework 05.out"
 

**** Build Finished ****

**** Build of configuration Debug for project Homework 05 ****

"D:\\ccs\\utils\\bin\\gmake" -k -j 16 all -O 
 
gmake[1]: 'Homework 05.out' is up to date.

**** Build Finished ****

**** Build of configuration Debug for project Homework 05 ****

"D:\\ccs\\utils\\bin\\gmake" -k -j 16 all -O 
 
gmake[1]: 'Homework 05.out' is up to date.

**** Build Finished ****
