
**** Build of configuration Debug for project Homework 08 ****

"D:\\ccs\\utils\\bin\\gmake" -k -j 16 all -O 
 
Building file: "../serial.c"
Invoking: MSP430 Compiler
"D:/ccs/tools/compiler/ti-cgt-msp430_21.6.1.LTS/bin/cl430" -vmspx --use_hw_mpy=F5 --include_path="D:/ccs/ccs_base/msp430/include" --include_path="D:/ccs/Homework 08/Homework 08" --include_path="D:/ccs/tools/compiler/ti-cgt-msp430_21.6.1.LTS/include" --advice:power=all --advice:hw_config=all --define=__MSP430FR2355__ --define=_FRWP_ENABLE --define=_INFO_FRWP_ENABLE -g --printf_support=minimal --diag_warning=225 --diag_wrap=off --display_error_number --silicon_errata=CPU21 --silicon_errata=CPU22 --silicon_errata=CPU40 --preproc_with_compile --preproc_dependency="serial.d_raw"  "../serial.c"
Finished building: "../serial.c"
 
Building file: "../main.c"
Invoking: MSP430 Compiler
"D:/ccs/tools/compiler/ti-cgt-msp430_21.6.1.LTS/bin/cl430" -vmspx --use_hw_mpy=F5 --include_path="D:/ccs/ccs_base/msp430/include" --include_path="D:/ccs/Homework 08/Homework 08" --include_path="D:/ccs/tools/compiler/ti-cgt-msp430_21.6.1.LTS/include" --advice:power=all --advice:hw_config=all --define=__MSP430FR2355__ --define=_FRWP_ENABLE --define=_INFO_FRWP_ENABLE -g --printf_support=minimal --diag_warning=225 --diag_wrap=off --display_error_number --silicon_errata=CPU21 --silicon_errata=CPU22 --silicon_errata=CPU40 --preproc_with_compile --preproc_dependency="main.d_raw"  "../main.c"
"../main.c", line 70: warning #225-D: function "Init_Serial_UCA1" declared implicitly
"../main.c", line 71: warning #225-D: function "Init_Serial_UCA0" declared implicitly
"../main.c", line 46: remark #1535-D: (ULP 8.1) variable "wheel_move" is used as a constant. Recommend declaring variable as either 'static const' or 'const'
"../main.c", line 47: remark #1535-D: (ULP 8.1) variable "forward" is used as a constant. Recommend declaring variable as either 'static const' or 'const'
"../main.c", line 48: remark #1535-D: (ULP 8.1) variable "event" is used as a constant. Recommend declaring variable as either 'static const' or 'const'
Finished building: "../main.c"
 
Building file: "../switches.c"
Invoking: MSP430 Compiler
"D:/ccs/tools/compiler/ti-cgt-msp430_21.6.1.LTS/bin/cl430" -vmspx --use_hw_mpy=F5 --include_path="D:/ccs/ccs_base/msp430/include" --include_path="D:/ccs/Homework 08/Homework 08" --include_path="D:/ccs/tools/compiler/ti-cgt-msp430_21.6.1.LTS/include" --advice:power=all --advice:hw_config=all --define=__MSP430FR2355__ --define=_FRWP_ENABLE --define=_INFO_FRWP_ENABLE -g --printf_support=minimal --diag_warning=225 --diag_wrap=off --display_error_number --silicon_errata=CPU21 --silicon_errata=CPU22 --silicon_errata=CPU40 --preproc_with_compile --preproc_dependency="switches.d_raw"  "../switches.c"
"../switches.c", line 47: warning #225-D: function "Serial_Set_Baud_115200" declared implicitly
"../switches.c", line 57: warning #225-D: function "Serial_Send_String" declared implicitly
"../switches.c", line 82: warning #225-D: function "Serial_Set_Baud_460800" declared implicitly
"../switches.c", line 92: warning #225-D: function "Serial_Send_String" declared implicitly
"../switches.c", line 26: remark #1535-D: (ULP 8.1) variable "shapes_menu" is used as a constant. Recommend declaring variable as either 'static const' or 'const'
Finished building: "../switches.c"
 
Building target: "Homework 08.out"
Invoking: MSP430 Linker
"D:/ccs/tools/compiler/ti-cgt-msp430_21.6.1.LTS/bin/cl430" -vmspx --use_hw_mpy=F5 --advice:power=all --advice:hw_config=all --define=__MSP430FR2355__ --define=_FRWP_ENABLE --define=_INFO_FRWP_ENABLE -g --printf_support=minimal --diag_warning=225 --diag_wrap=off --display_error_number --silicon_errata=CPU21 --silicon_errata=CPU22 --silicon_errata=CPU40 -z -m"Homework 08.map" --heap_size=160 --stack_size=160 --cinit_hold_wdt=on -i"D:/ccs/ccs_base/msp430/include" -i"D:/ccs/ccs_base/msp430/lib/FR2xx" -i"D:/ccs/tools/compiler/ti-cgt-msp430_21.6.1.LTS/lib" -i"D:/ccs/tools/compiler/ti-cgt-msp430_21.6.1.LTS/include" --priority --reread_libs --define=_FRWP_ENABLE --define=_INFO_FRWP_ENABLE --diag_wrap=off --display_error_number --warn_sections --xml_link_info="Homework 08_linkInfo.xml" --use_hw_mpy=F5 --rom_model -o "Homework 08.out" "./Display.obj" "./adc.obj" "./black_line.obj" "./clocks.obj" "./init.obj" "./led.obj" "./main.obj" "./ports.obj" "./serial.obj" "./states.obj" "./switches.obj" "./system.obj" "./timers.obj" "./timers_move.obj" "./wheels.obj" "../Compiled/LCD.obj" "../lnk_msp430fr2355.cmd"  -lfrwp_init.a -llibc.a 
<Linking>
 
 undefined              first referenced
  symbol                    in file     
 ---------              ----------------
 Init_Serial_UCA0       ./main.obj      
 Init_Serial_UCA1       ./main.obj      
 Serial_Send_String     ./switches.obj  
 Serial_Set_Baud_115200 ./switches.obj  
 Serial_Set_Baud_460800 ./switches.obj  
 
error #10234-D: unresolved symbols remain
error #10010: errors encountered during linking; "Homework 08.out" not built
remark #10372-D: (ULP 4.1) Detected uninitialized Port A in this project. Recommend initializing all unused ports to eliminate wasted current consumption on unused pins.
remark #10372-D: (ULP 4.1) Detected uninitialized Port B in this project. Recommend initializing all unused ports to eliminate wasted current consumption on unused pins.
remark #10372-D: (ULP 4.1) Detected uninitialized Port C in this project. Recommend initializing all unused ports to eliminate wasted current consumption on unused pins.
remark #10422-D: (ULP 6.2) Detected use of a device with available 32-bit hardware multiplier and not also using MSPMATHLIB library (libmath.a).  Recommend using MSPMATHLIB library (libmath.a) for improved performance.
 
>> Compilation failure
makefile:153: recipe for target 'Homework 08.out' failed
gmake[1]: *** [Homework 08.out] Error 1
makefile:149: recipe for target 'all' failed
gmake: *** [all] Error 2

**** Build Finished ****
